\BOOKMARK [1][-]{section.1}{\376\377\137\025\212\000}{}% 1
\BOOKMARK [1][-]{section.2}{\376\377\143\021\142\030}{}% 2
\BOOKMARK [2][-]{subsection.2.1}{\376\377\221\315\122\006\213\315\116\016\150\067\147\054\124\010\136\166}{section.2}% 3
\BOOKMARK [2][-]{subsection.2.2}{\376\377\117\030\122\277\213\241\173\227}{section.2}% 4
\BOOKMARK [2][-]{subsection.2.3}{\376\377\143\137\131\061\137\122\116\000\123\026}{section.2}% 5
\BOOKMARK [2][-]{subsection.2.4}{\376\377\213\255\176\303\124\016\172\357\131\015\147\102\136\246}{section.2}% 6
\BOOKMARK [1][-]{section.3}{\376\377\174\373\176\337\213\276\213\241}{}% 7
\BOOKMARK [2][-]{subsection.3.1}{\376\377\121\161\127\100\137\002\153\145\000\040\000R\000L}{section.3}% 8
\BOOKMARK [2][-]{subsection.3.2}{\376\377\177\121\176\334\225\356\230\230}{section.3}% 9
\BOOKMARK [2][-]{subsection.3.3}{\376\377\000K\000u\000b\000e\000r\000n\000e\000t\000e\000s\000\040\226\306\142\020}{section.3}% 10
\BOOKMARK [2][-]{subsection.3.4}{\376\377\166\321\143\247}{section.3}% 11
\BOOKMARK [1][-]{section.4}{\376\377\133\236\232\214}{}% 12
\BOOKMARK [2][-]{subsection.4.1}{\376\377\144\034\175\042\146\172\200\375\117\123}{section.4}% 13
\BOOKMARK [2][-]{subsection.4.2}{\376\377\220\032\165\050\143\007\116\344\220\165\137\252\146\172\200\375\117\123}{section.4}% 14
\BOOKMARK [2][-]{subsection.4.3}{\376\377\177\026\172\013\146\172\200\375\117\123}{section.4}% 15
\BOOKMARK [3][-]{subsubsection.4.3.1}{\376\377\145\160\143\156\226\306\230\204\131\004\164\006\116\016\217\307\156\344}{subsection.4.3}% 16
\BOOKMARK [3][-]{subsubsection.4.3.2}{\376\377\226\062\153\142\131\126\122\261\236\321\133\242}{subsection.4.3}% 17
\BOOKMARK [3][-]{subsubsection.4.3.3}{\376\377\213\255\176\303\122\250\140\001}{subsection.4.3}% 18
\BOOKMARK [1][-]{section.5}{\376\377\166\370\121\163\135\345\117\134}{}% 19
\BOOKMARK [1][-]{section.6}{\376\377\176\323\213\272}{}% 20
\BOOKMARK [1][-]{appendix.A}{\376\377\213\346\176\306\174\373\176\337\213\276\213\241}{}% 21
\BOOKMARK [2][-]{subsection.A.1}{\376\377\000A\000P\000I\000\040\177\121\121\163}{appendix.A}% 22
\BOOKMARK [2][-]{subsection.A.2}{\376\377\000R\000o\000l\000l\000o\000u\000t\000\040\143\247\122\066\126\150}{appendix.A}% 23
\BOOKMARK [2][-]{subsection.A.3}{\376\377\133\232\122\066\123\026\213\255\176\303\126\150}{appendix.A}% 24
